--progress is a global compose flag, better use `docker compose --progress xx build ...
#1 [internal] load local bake definitions
#1 reading from stdin 1.50kB done
#1 DONE 0.0s

#2 [frontend internal] load build definition from Dockerfile
#2 transferring dockerfile: 1.16kB 0.0s done
#2 DONE 0.0s

#3 [worker internal] load build definition from Dockerfile
#3 transferring dockerfile: 775B done
#3 DONE 0.1s

#4 [backend internal] load build definition from Dockerfile
#4 transferring dockerfile: 720B done
#4 DONE 0.1s

#5 [backend internal] load metadata for docker.io/library/node:20-alpine
#5 ...

#6 [auth] library/python:pull token for registry-1.docker.io
#6 DONE 0.0s

#7 [auth] library/node:pull token for registry-1.docker.io
#7 DONE 0.0s

#8 [worker internal] load metadata for docker.io/library/python:3.12-slim
#8 ERROR: failed to authorize: failed to fetch oauth token: unexpected status from GET request to https://auth.docker.io/token?scope=repository%3Alibrary%2Fpython%3Apull&service=registry.docker.io: 401 Unauthorized

#5 [frontend internal] load metadata for docker.io/library/node:20-alpine
#5 ERROR: failed to authorize: failed to fetch oauth token: unexpected status from GET request to https://auth.docker.io/token?scope=repository%3Alibrary%2Fnode%3Apull&service=registry.docker.io: 401 Unauthorized
------
 > [frontend internal] load metadata for docker.io/library/node:20-alpine:
------
------
 > [worker internal] load metadata for docker.io/library/python:3.12-slim:
------
Dockerfile:9

--------------------

   7 |     

   8 |     # ---- Production Stage ----

   9 | >>> FROM node:20-alpine AS runner

  10 |     

  11 |     # Security: run as non-root user

--------------------

target backend: failed to solve: failed to fetch oauth token: unexpected status from GET request to https://auth.docker.io/token?scope=repository%3Alibrary%2Fnode%3Apull&service=registry.docker.io: 401 Unauthorized

